05-21 01:08:36.642: I/DEBUG(31): debuggerd: Feb  3 2011 14:45:34
05-21 01:08:36.791: D/qemud(38): entering main loop
05-21 01:08:36.811: I/Netd(30): Netd 1.0 starting
05-21 01:08:36.821: I/Vold(29): Vold 2.1 (the revenge) firing up
05-21 01:08:36.821: D/Vold(29): USB mass storage support is not enabled in the kernel
05-21 01:08:36.821: D/Vold(29): usb_configuration switch is not enabled in the kernel
05-21 01:08:36.821: D/Vold(29): Volume sdcard state changing -1 (Initializing) -> 0 (No-Media)
05-21 01:08:36.991: D/Vold(29): Volume sdcard state changing 0 (No-Media) -> 1 (Idle-Unmounted)
05-21 01:08:37.051: D/qemud(38): fdhandler_accept_event: accepting on fd 9
05-21 01:08:37.051: D/qemud(38): created client 0xe078 listening on fd 10
05-21 01:08:37.092: D/qemud(38): client_fd_receive: attempting registration for service 'boot-properties'
05-21 01:08:37.092: D/qemud(38): client_fd_receive:    -> received channel id 1
05-21 01:08:37.102: D/qemud(38): client_registration: registration succeeded for client 1
05-21 01:08:37.102: I/qemu-props(52): connected to 'boot-properties' qemud service.
05-21 01:08:37.102: I/qemu-props(52): receiving..
05-21 01:08:37.112: I/qemu-props(52): received: dalvik.vm.heapsize=24m
05-21 01:08:37.112: I/qemu-props(52): receiving..
05-21 01:08:37.112: I/qemu-props(52): received: ro.config.low_ram=true
05-21 01:08:37.112: I/qemu-props(52): receiving..
05-21 01:08:37.112: I/qemu-props(52): received: qemu.sf.lcd_density=240
05-21 01:08:37.112: I/qemu-props(52): receiving..
05-21 01:08:37.112: I/qemu-props(52): received: qemu.hw.mainkeys=1
05-21 01:08:37.112: I/qemu-props(52): receiving..
05-21 01:08:37.112: I/qemu-props(52): received: qemu.sf.fake_camera=none
05-21 01:08:37.112: I/qemu-props(52): receiving..
05-21 01:08:37.112: I/qemu-props(52): exiting (5 properties set).
05-21 01:08:37.112: D/qemud(38): fdhandler_event: disconnect on fd 10
05-21 01:08:37.441: D/AndroidRuntime(33): >>>>>> AndroidRuntime START com.android.internal.os.ZygoteInit <<<<<<
05-21 01:08:37.441: D/AndroidRuntime(33): CheckJNI is ON
05-21 01:08:37.621: I/(34): ServiceManager: 0xad50
05-21 01:08:37.621: D/AudioHardwareInterface(34): setMode(NORMAL)
05-21 01:08:37.641: I/CameraService(34): CameraService started (pid=34)
05-21 01:08:37.661: I/AudioFlinger(34): AudioFlinger's thread 0xc658 ready to run
05-21 01:08:37.861: D/qemud(38): fdhandler_accept_event: accepting on fd 9
05-21 01:08:37.861: D/qemud(38): created client 0xe078 listening on fd 10
05-21 01:08:37.861: D/qemud(38): fdhandler_event: disconnect on fd 10
05-21 01:08:37.872: D/qemud(38): fdhandler_accept_event: accepting on fd 9
05-21 01:08:37.872: D/qemud(38): created client 0xe078 listening on fd 10
05-21 01:08:37.872: D/qemud(38): client_fd_receive: attempting registration for service 'gsm'
05-21 01:08:37.872: D/qemud(38): client_fd_receive:    -> received channel id 2
05-21 01:08:37.882: D/qemud(38): client_registration: registration succeeded for client 2
05-21 01:08:37.982: I/SamplingProfilerIntegration(33): Profiler is disabled.
05-21 01:08:38.012: I/Zygote(33): Preloading classes...
05-21 01:08:38.012: E/Zygote(33): setreuid() failed. errno: 2
05-21 01:08:38.021: D/dalvikvm(33): GC_EXPLICIT freed 47K, 78% free 234K/1024K, external 0K/0K, paused 6ms
05-21 01:08:38.042: D/dalvikvm(33): GC_EXPLICIT freed 1K, 73% free 284K/1024K, external 0K/0K, paused 3ms
05-21 01:08:38.082: D/dalvikvm(33): GC_EXPLICIT freed 22K, 69% free 318K/1024K, external 0K/0K, paused 3ms
05-21 01:08:38.112: D/dalvikvm(33): GC_EXPLICIT freed 17K, 66% free 356K/1024K, external 0K/0K, paused 6ms
05-21 01:08:38.161: D/dalvikvm(33): GC_EXPLICIT freed 26K, 63% free 385K/1024K, external 0K/0K, paused 4ms
05-21 01:08:38.291: D/dalvikvm(33): GC_EXPLICIT freed 20K, 57% free 441K/1024K, external 0K/0K, paused 5ms
05-21 01:08:38.342: W/MediaProfiles(33): could not find media config xml file
05-21 01:08:38.572: D/dalvikvm(33): GC_EXPLICIT freed 99K, 47% free 547K/1024K, external 0K/0K, paused 5ms
05-21 01:08:38.871: D/dalvikvm(33): GC_EXPLICIT freed 272K, 28% free 885K/1219K, external 0K/0K, paused 12ms
05-21 01:08:38.901: D/dalvikvm(33): GC_EXPLICIT freed 21K, 24% free 932K/1219K, external 0K/0K, paused 9ms
05-21 01:08:38.901: D/RenderScript_jni(33): RenderScript JNI library not found!
05-21 01:08:38.981: D/dalvikvm(33): GC_EXPLICIT freed 25K, 19% free 999K/1219K, external 0K/0K, paused 10ms
05-21 01:08:39.082: D/dalvikvm(33): GC_EXPLICIT freed 47K, 5% free 1281K/1347K, external 0K/0K, paused 12ms
05-21 01:08:39.141: D/dalvikvm(33): GC_EXPLICIT freed 24K, 3% free 1311K/1347K, external 0K/0K, paused 17ms
05-21 01:08:39.191: D/dalvikvm(33): GC_EXPLICIT freed 28K, 6% free 1336K/1411K, external 0K/0K, paused 12ms
05-21 01:08:39.342: D/dalvikvm(33): GC_EXPLICIT freed 14K, 3% free 1377K/1411K, external 0K/0K, paused 18ms
05-21 01:08:39.432: D/dalvikvm(33): GC_EXPLICIT freed 28K, 5% free 1402K/1475K, external 0K/0K, paused 13ms
05-21 01:08:39.482: D/dalvikvm(33): GC_EXPLICIT freed 28K, 3% free 1439K/1475K, external 0K/0K, paused 19ms
05-21 01:08:39.531: D/dalvikvm(33): GC_EXPLICIT freed 38K, 6% free 1457K/1539K, external 0K/0K, paused 13ms
05-21 01:08:39.591: D/dalvikvm(33): GC_EXPLICIT freed 40K, 5% free 1471K/1539K, external 0K/0K, paused 19ms
05-21 01:08:39.631: D/dalvikvm(33): GC_EXPLICIT freed 55K, 8% free 1485K/1603K, external 0K/0K, paused 14ms
05-21 01:08:40.692: D/dalvikvm(33): GC_FOR_MALLOC freed 2954K, 58% free 2168K/5123K, external 0K/0K, paused 58ms
05-21 01:08:41.021: D/dalvikvm(33): GC_EXPLICIT freed 1403K, 55% free 2310K/5123K, external 0K/0K, paused 35ms
05-21 01:08:43.831: D/dalvikvm(33): GC_EXPLICIT freed 148K, 54% free 2373K/5123K, external 0K/0K, paused 32ms
05-21 01:08:43.911: D/dalvikvm(33): GC_EXPLICIT freed 73K, 54% free 2398K/5123K, external 0K/0K, paused 25ms
05-21 01:08:43.971: D/dalvikvm(33): GC_EXPLICIT freed 36K, 53% free 2416K/5123K, external 0K/0K, paused 31ms
05-21 01:08:44.032: D/dalvikvm(33): GC_EXPLICIT freed 31K, 53% free 2439K/5123K, external 0K/0K, paused 25ms
05-21 01:08:44.092: D/dalvikvm(33): GC_EXPLICIT freed 38K, 52% free 2462K/5123K, external 0K/0K, paused 31ms
05-21 01:08:44.102: I/Zygote(33): ...preloaded 1830 classes in 6090ms.
05-21 01:08:44.102: E/Zygote(33): setreuid() failed. errno: 17
05-21 01:08:44.131: D/dalvikvm(33): GC_EXPLICIT freed 18K, 52% free 2460K/5123K, external 0K/0K, paused 28ms
05-21 01:08:44.131: I/Zygote(33): Preloading resources...
05-21 01:08:44.162: D/dalvikvm(33): GC_EXTERNAL_ALLOC freed <1K, 52% free 2462K/5123K, external 0K/0K, paused 30ms
05-21 01:08:44.182: W/Zygote(33): Preloaded drawable resource #0x1080093 (res/drawable-hdpi/sym_def_app_icon.png) that varies with configuration!!
05-21 01:08:44.182: W/Zygote(33): Preloaded drawable resource #0x1080002 (res/drawable-hdpi/arrow_down_float.png) that varies with configuration!!
05-21 01:08:44.221: W/Zygote(33): Preloaded drawable resource #0x10800b4 (res/drawable/btn_check.xml) that varies with configuration!!
05-21 01:08:44.221: W/Zygote(33): Preloaded drawable resource #0x10800b7 (res/drawable-hdpi/btn_check_label_background.9.png) that varies with configuration!!
05-21 01:08:44.221: W/Zygote(33): Preloaded drawable resource #0x10800b8 (res/drawable-hdpi/btn_check_off.png) that varies with configuration!!
05-21 01:08:44.221: W/Zygote(33): Preloaded drawable resource #0x10800bd (res/drawable-hdpi/btn_check_on.png) that varies with configuration!!
05-21 01:08:44.242: W/Zygote(33): Preloaded drawable resource #0x1080004 (res/drawable/btn_default.xml) that varies with configuration!!
05-21 01:08:44.262: W/Zygote(33): Preloaded drawable resource #0x1080005 (res/drawable/btn_default_small.xml) that varies with configuration!!
05-21 01:08:44.301: W/Zygote(33): Preloaded drawable resource #0x1080006 (res/drawable/btn_dropdown.xml) that varies with configuration!!
05-21 01:08:44.342: D/dalvikvm(33): GC_EXTERNAL_ALLOC freed 15K, 52% free 2484K/5123K, external 508K/532K, paused 27ms
05-21 01:08:44.352: W/Zygote(33): Preloaded drawable resource #0x1080008 (res/drawable/btn_plus.xml) that varies with configuration!!
05-21 01:08:44.391: W/Zygote(33): Preloaded drawable resource #0x1080007 (res/drawable/btn_minus.xml) that varies with configuration!!
05-21 01:08:44.421: W/Zygote(33): Preloaded drawable resource #0x1080009 (res/drawable/btn_radio.xml) that varies with configuration!!
05-21 01:08:44.451: W/Zygote(33): Preloaded drawable resource #0x108000a (res/drawable/btn_star.xml) that varies with configuration!!
05-21 01:08:44.481: D/dalvikvm(33): GC_EXPLICIT freed 9K, 52% free 2499K/5123K, external 927K/1049K, paused 32ms
05-21 01:08:44.491: W/Zygote(33): Preloaded drawable resource #0x1080132 (res/drawable/btn_toggle.xml) that varies with configuration!!
05-21 01:08:44.501: W/Zygote(33): Preloaded drawable resource #0x1080196 (res/drawable-hdpi/ic_emergency.png) that varies with configuration!!
05-21 01:08:44.501: W/Zygote(33): Preloaded drawable resource #0x1080012 (res/drawable-hdpi/divider_horizontal_bright.9.png) that varies with configuration!!
05-21 01:08:44.501: W/Zygote(33): Preloaded drawable resource #0x1080014 (res/drawable-hdpi/divider_horizontal_dark.9.png) that varies with configuration!!
05-21 01:08:44.521: W/Zygote(33): Preloaded drawable resource #0x1080016 (res/drawable/edit_text.xml) that varies with configuration!!
05-21 01:08:44.531: W/Zygote(33): Preloaded drawable resource #0x1080170 (res/drawable/expander_group.xml) that varies with configuration!!
05-21 01:08:44.561: D/dalvikvm(33): GC_EXTERNAL_ALLOC freed 10K, 52% free 2507K/5123K, external 1032K/1049K, paused 24ms
05-21 01:08:44.581: W/Zygote(33): Preloaded drawable resource #0x1080062 (res/drawable/list_selector_background.xml) that varies with configuration!!
05-21 01:08:44.581: W/Zygote(33): Preloaded drawable resource #0x108022a (res/drawable-hdpi/menu_background.9.png) that varies with configuration!!
05-21 01:08:44.591: W/Zygote(33): Preloaded drawable resource #0x108022b (res/drawable-hdpi/menu_background_fill_parent_width.9.png) that varies with configuration!!
05-21 01:08:44.601: W/Zygote(33): Preloaded drawable resource #0x108022c (res/drawable/menu_selector.xml) that varies with configuration!!
05-21 01:08:44.611: W/Zygote(33): Preloaded drawable resource #0x108023a (res/drawable-hdpi/panel_background.9.png) that varies with configuration!!
05-21 01:08:44.611: W/Zygote(33): Preloaded drawable resource #0x1080242 (res/drawable-hdpi/popup_bottom_bright.9.png) that varies with configuration!!
05-21 01:08:44.611: W/Zygote(33): Preloaded drawable resource #0x1080243 (res/drawable-hdpi/popup_bottom_dark.9.png) that varies with configuration!!
05-21 01:08:44.622: W/Zygote(33): Preloaded drawable resource #0x1080244 (res/drawable-hdpi/popup_bottom_medium.9.png) that varies with configuration!!
05-21 01:08:44.622: W/Zygote(33): Preloaded drawable resource #0x1080245 (res/drawable-hdpi/popup_center_bright.9.png) that varies with configuration!!
05-21 01:08:44.622: W/Zygote(33): Preloaded drawable resource #0x1080246 (res/drawable-hdpi/popup_center_dark.9.png) that varies with configuration!!
05-21 01:08:44.631: W/Zygote(33): Preloaded drawable resource #0x1080249 (res/drawable-hdpi/popup_full_dark.9.png) that varies with configuration!!
05-21 01:08:44.631: W/Zygote(33): Preloaded drawable resource #0x108024c (res/drawable-hdpi/popup_top_bright.9.png) that varies with configuration!!
05-21 01:08:44.631: W/Zygote(33): Preloaded drawable resource #0x108024d (res/drawable-hdpi/popup_top_dark.9.png) that varies with configuration!!
05-21 01:08:44.651: W/Zygote(33): Preloaded drawable resource #0x108006d (res/drawable/progress_indeterminate_horizontal.xml) that varies with configuration!!
05-21 01:08:44.651: W/Zygote(33): Preloaded drawable resource #0x1080253 (res/drawable/progress_small.xml) that varies with configuration!!
05-21 01:08:44.651: W/Zygote(33): Preloaded drawable resource #0x1080254 (res/drawable/progress_small_titlebar.xml) that varies with configuration!!
05-21 01:08:44.661: W/Zygote(33): Preloaded drawable resource #0x1080274 (res/drawable-hdpi/scrollbar_handle_horizontal.9.png) that varies with configuration!!
05-21 01:08:44.661: W/Zygote(33): Preloaded drawable resource #0x1080275 (res/drawable-hdpi/scrollbar_handle_vertical.9.png) that varies with configuration!!
05-21 01:08:44.691: D/dalvikvm(33): GC_EXPLICIT freed 20K, 51% free 2525K/5123K, external 1327K/1566K, paused 31ms
05-21 01:08:44.702: W/Zygote(33): Preloaded drawable resource #0x1080071 (res/drawable/spinner_dropdown_background.xml) that varies with configuration!!
05-21 01:08:44.702: W/Zygote(33): Preloaded drawable resource #0x1080312 (res/drawable-hdpi/text_select_handle_left.png) that varies with configuration!!
05-21 01:08:44.711: W/Zygote(33): Preloaded drawable resource #0x1080313 (res/drawable-hdpi/text_select_handle_middle.png) that varies with configuration!!
05-21 01:08:44.721: W/Zygote(33): Preloaded drawable resource #0x1080314 (res/drawable-hdpi/text_select_handle_right.png) that varies with configuration!!
05-21 01:08:44.721: W/Zygote(33): Preloaded drawable resource #0x1080335 (res/drawable-hdpi/title_bar_shadow.9.png) that varies with configuration!!
05-21 01:08:44.721: W/Zygote(33): Preloaded drawable resource #0x10801d8 (res/drawable-hdpi/indicator_code_lock_drag_direction_green_up.png) that varies with configuration!!
05-21 01:08:44.732: W/Zygote(33): Preloaded drawable resource #0x10801d9 (res/drawable-hdpi/indicator_code_lock_drag_direction_red_up.png) that varies with configuration!!
05-21 01:08:44.732: W/Zygote(33): Preloaded drawable resource #0x10801da (res/drawable-hdpi/indicator_code_lock_point_area_default.png) that varies with configuration!!
05-21 01:08:44.741: W/Zygote(33): Preloaded drawable resource #0x10801db (res/drawable-hdpi/indicator_code_lock_point_area_green.png) that varies with configuration!!
05-21 01:08:44.772: D/dalvikvm(33): GC_EXTERNAL_ALLOC freed 15K, 51% free 2526K/5123K, external 1561K/1566K, paused 28ms
05-21 01:08:44.782: W/Zygote(33): Preloaded drawable resource #0x10801dc (res/drawable-hdpi/indicator_code_lock_point_area_red.png) that varies with configuration!!
05-21 01:08:44.782: I/Zygote(33): ...preloaded 51 resources in 652ms.
05-21 01:08:44.792: I/Zygote(33): ...preloaded 15 resources in 10ms.
05-21 01:08:44.822: D/dalvikvm(33): GC_EXPLICIT freed 8K, 51% free 2532K/5123K, external 1625K/2137K, paused 31ms
05-21 01:08:44.852: D/dalvikvm(33): GC_EXPLICIT freed 5K, 51% free 2527K/5123K, external 1625K/2137K, paused 25ms
05-21 01:08:44.881: D/dalvikvm(33): GC_EXPLICIT freed <1K, 51% free 2526K/5123K, external 1625K/2137K, paused 32ms
05-21 01:08:44.892: I/dalvikvm(33): System server process 61 has been created
05-21 01:08:44.892: I/Zygote(33): Accepting command socket connections
05-21 01:08:45.062: E/BatteryService(61): usbOnlinePath not found
05-21 01:08:45.062: E/BatteryService(61): batteryVoltagePath not found
05-21 01:08:45.062: E/BatteryService(61): batteryTemperaturePath not found
05-21 01:08:45.071: I/sysproc(61): Entered system_init()
05-21 01:08:45.071: I/sysproc(61): ServiceManager: 0xead98
05-21 01:08:45.071: I/SurfaceFlinger(61): SurfaceFlinger is starting
05-21 01:08:45.071: I/SurfaceFlinger(61): SurfaceFlinger's main thread ready to run. Initializing graphics H/W...
05-21 01:08:45.071: E/SurfaceFlinger(61): Couldn't open /sys/power/wait_for_fb_sleep or /sys/power/wait_for_fb_wake
05-21 01:08:45.102: I/gralloc(61): using (fd=26)
05-21 01:08:45.102: I/gralloc(61): id           = 
05-21 01:08:45.102: I/gralloc(61): xres         = 480 px
05-21 01:08:45.102: I/gralloc(61): yres         = 854 px
05-21 01:08:45.102: I/gralloc(61): xres_virtual = 480 px
05-21 01:08:45.102: I/gralloc(61): yres_virtual = 1708 px
05-21 01:08:45.102: I/gralloc(61): bpp          = 16
05-21 01:08:45.102: I/gralloc(61): r            = 11:5
05-21 01:08:45.102: I/gralloc(61): g            =  5:6
05-21 01:08:45.102: I/gralloc(61): b            =  0:5
05-21 01:08:45.102: I/gralloc(61): width        = 74 mm (164.756760 dpi)
05-21 01:08:45.102: I/gralloc(61): height       = 131 mm (165.584732 dpi)
05-21 01:08:45.102: I/gralloc(61): refresh rate = 60.00 Hz
05-21 01:08:45.112: D/libEGL(61): egl.cfg not found, using default config
05-21 01:08:45.112: D/libEGL(61): loaded /system/lib/egl/libGLES_android.so
05-21 01:08:45.122: I/SurfaceFlinger(61): EGL informations:
05-21 01:08:45.122: I/SurfaceFlinger(61): # of configs : 8
05-21 01:08:45.122: I/SurfaceFlinger(61): vendor    : Android
05-21 01:08:45.122: I/SurfaceFlinger(61): version   : 1.4 Android META-EGL
05-21 01:08:45.122: I/SurfaceFlinger(61): extensions: EGL_KHR_image EGL_KHR_image_base EGL_KHR_image_pixmap EGL_ANDROID_image_native_buffer EGL_ANDROID_swap_rectangle 
05-21 01:08:45.122: I/SurfaceFlinger(61): Client API: OpenGL ES
05-21 01:08:45.122: I/SurfaceFlinger(61): EGLSurface: 5-6-5-0, config=0x0
05-21 01:08:45.122: I/SurfaceFlinger(61): OpenGL informations:
05-21 01:08:45.122: I/SurfaceFlinger(61): vendor    : Android
05-21 01:08:45.122: I/SurfaceFlinger(61): renderer  : Android PixelFlinger 1.4
05-21 01:08:45.122: I/SurfaceFlinger(61): version   : OpenGL ES-CM 1.0
05-21 01:08:45.122: I/SurfaceFlinger(61): extensions: GL_OES_byte_coordinates GL_OES_fixed_point GL_OES_single_precision GL_OES_read_format GL_OES_compressed_paletted_texture GL_OES_draw_texture GL_OES_matrix_get GL_OES_query_matrix GL_OES_EGL_image GL_OES_compressed_ETC1_RGB8_texture GL_ARB_texture_compression GL_ARB_texture_non_power_of_two GL_ANDROID_user_clip_plane GL_ANDROID_vertex_buffer_object GL_ANDROID_generate_mipmap 
05-21 01:08:45.122: I/SurfaceFlinger(61): GL_MAX_TEXTURE_SIZE = 4096
05-21 01:08:45.122: I/SurfaceFlinger(61): GL_MAX_VIEWPORT_DIMS = 4096
05-21 01:08:45.122: I/SurfaceFlinger(61): flags = 000c0000
05-21 01:08:45.141: D/SensorService(61): nuSensorService starting...
05-21 01:08:45.141: E/SensorService(61): couldn't open device for module sensors (Invalid argument)
05-21 01:08:45.141: I/sysproc(61): System server: starting Android runtime.
05-21 01:08:45.141: I/sysproc(61): System server: starting Android services.
05-21 01:08:45.141: I/SystemServer(61): Entered the Android system server!
05-21 01:08:45.141: I/sysproc(61): System server: entering thread pool.
05-21 01:08:45.162: I/SystemServer(61): Entropy Service
05-21 01:08:45.192: I/SystemServer(61): Power Manager
05-21 01:08:45.212: I/SystemServer(61): Activity Manager
05-21 01:08:45.232: I/ActivityManager(61): Memory class: 24
05-21 01:08:45.322: D/libEGL(73): egl.cfg not found, using default config
05-21 01:08:45.332: D/libEGL(73): loaded /system/lib/egl/libGLES_android.so
05-21 01:08:45.352: W/zipro(73): Unable to open zip '/data/local/bootanimation.zip': No such file or directory
05-21 01:08:45.352: W/zipro(73): Unable to open zip '/system/media/bootanimation.zip': No such file or directory
05-21 01:08:45.422: I/ARMAssembler(61): generated scanline__00000077:03010104_00000004_00000000 [ 22 ipp] (41 ins) at [0x446141e8:0x4461428c] in 3714668 ns
05-21 01:08:45.482: I/ARMAssembler(73): generated scanline__00000077:03545404_00000A01_00000000 [ 30 ipp] (51 ins) at [0x404421e8:0x404422b4] in 2057082 ns
05-21 01:08:45.552: I/SystemServer(61): Telephony Registry
05-21 01:08:45.552: I/SystemServer(61): Package Manager
05-21 01:08:45.562: I/Installer(61): connecting...
05-21 01:08:45.562: I/installd(35): new connection
05-21 01:08:45.721: D/dalvikvm(61): GC_CONCURRENT freed 144K, 50% free 2836K/5575K, external 1625K/2137K, paused 3ms+4ms
05-21 01:08:45.952: W/PackageManager(61): Running ENG build: no pre-dexopt!
05-21 01:08:46.232: D/dalvikvm(61): GC_CONCURRENT freed 260K, 49% free 3017K/5895K, external 1625K/2137K, paused 4ms+4ms
05-21 01:08:46.782: D/dalvikvm(61): GC_CONCURRENT freed 210K, 47% free 3307K/6151K, external 1625K/2137K, paused 3ms+4ms
05-21 01:08:46.992: D/PackageManager(61): No files in app dir /vendor/app
05-21 01:08:47.012: I/PackageManager(61): Unpacking native libraries for /data/app/lab.chabingba.telerikacademyschedule-1.apk
05-21 01:08:47.062: I/PackageManager(61): Unpacking native libraries for /data/app/GestureBuilder.apk
05-21 01:08:47.082: I/PackageManager(61): Unpacking native libraries for /data/app/SoftKeyboard.apk
05-21 01:08:47.092: I/PackageManager(61): Unpacking native libraries for /data/app/CubeLiveWallpapers.apk
05-21 01:08:47.102: D/szipinf(61): Initializing inflate state
05-21 01:08:47.301: D/dalvikvm(61): GC_CONCURRENT freed 286K, 45% free 3623K/6535K, external 1625K/2137K, paused 4ms+6ms
05-21 01:08:47.352: W/PackageParser(61): No actions in intent filter at /data/app/ApiDemos.apk Binary XML file line #1882
05-21 01:08:47.352: W/PackageParser(61): No actions in intent filter at /data/app/ApiDemos.apk Binary XML file line #1888
05-21 01:08:47.362: W/PackageManager(61): Package com.example.android.apis desires unavailable shared library com.example.will.never.exist; ignoring!
05-21 01:08:47.362: I/PackageManager(61): Unpacking native libraries for /data/app/ApiDemos.apk
05-21 01:08:47.412: I/PackageManager(61): Time to scan packages: 1.469 seconds
05-21 01:08:47.422: W/PackageManager(61): Unknown permission com.google.android.googleapps.permission.GOOGLE_AUTH.mail in package com.android.contacts
05-21 01:08:47.422: W/PackageManager(61): Unknown permission android.permission.ADD_SYSTEM_SERVICE in package com.android.phone
05-21 01:08:47.432: W/PackageManager(61): Unknown permission android.permission.READ_EXTERNAL_STORAGE in package lab.chabingba.telerikacademyschedule
05-21 01:08:47.432: W/PackageManager(61): Unknown permission com.android.alarm.permissions.SET_ALARM in package lab.chabingba.telerikacademyschedule
05-21 01:08:47.432: W/PackageManager(61): Not granting permission android.permission.SEND_DOWNLOAD_COMPLETED_INTENTS to package com.android.browser (protectionLevel=2 flags=0x9be45)
05-21 01:08:47.442: W/PackageManager(61): Unknown permission com.google.android.gm.permission.WRITE_GMAIL in package com.android.settings
05-21 01:08:47.442: W/PackageManager(61): Unknown permission com.google.android.gm.permission.READ_GMAIL in package com.android.settings
05-21 01:08:47.442: W/PackageManager(61): Unknown permission com.google.android.googleapps.permission.GOOGLE_AUTH in package com.android.settings
05-21 01:08:47.442: W/PackageManager(61): Unknown permission com.google.android.googleapps.permission.GOOGLE_AUTH in package com.android.providers.contacts
05-21 01:08:47.442: W/PackageManager(61): Unknown permission com.google.android.googleapps.permission.GOOGLE_AUTH.cp in package com.android.providers.contacts
05-21 01:08:47.442: W/PackageManager(61): Unknown permission com.google.android.googleapps.permission.ACCESS_GOOGLE_PASSWORD in package com.android.development
05-21 01:08:47.442: W/PackageManager(61): Unknown permission com.google.android.googleapps.permission.GOOGLE_AUTH in package com.android.development
05-21 01:08:47.442: W/PackageManager(61): Unknown permission com.google.android.googleapps.permission.GOOGLE_AUTH.ALL_SERVICES in package com.android.development
05-21 01:08:47.442: W/PackageManager(61): Unknown permission com.google.android.googleapps.permission.GOOGLE_AUTH.YouTubeUser in package com.android.development
05-21 01:08:47.452: W/PackageManager(61): Unknown permission android.permission.READ_OWNER_DATA in package com.android.email
05-21 01:08:47.452: W/PackageManager(61): Not granting permission android.permission.DEVICE_POWER to package com.android.deskclock (protectionLevel=2 flags=0x8be45)
05-21 01:08:47.641: D/dalvikvm(61): GC_EXPLICIT freed 367K, 46% free 3660K/6663K, external 1625K/2137K, paused 44ms
05-21 01:08:47.641: I/SystemServer(61): Account Manager
05-21 01:08:47.741: I/SystemServer(61): Content Manager
05-21 01:08:47.792: I/SystemServer(61): System Content Providers
05-21 01:08:47.792: I/ActivityThread(61): Pub settings: com.android.providers.settings.SettingsProvider
05-21 01:08:47.832: I/SystemServer(61): Battery Service
05-21 01:08:47.842: I/SystemServer(61): Lights Service
05-21 01:08:47.842: I/SystemServer(61): Vibrator Service
05-21 01:08:47.842: D/qemud(38): fdhandler_accept_event: accepting on fd 9
05-21 01:08:47.842: D/qemud(38): created client 0x13ee8 listening on fd 11
05-21 01:08:47.842: D/qemud(38): client_fd_receive: attempting registration for service 'hw-control'
05-21 01:08:47.842: D/qemud(38): client_fd_receive:    -> received channel id 3
05-21 01:08:47.851: D/qemud(38): client_registration: registration succeeded for client 3
05-21 01:08:47.851: D/SettingsProvider(61): cache for settings table 'secure' rows=27; fullycached=true
05-21 01:08:47.892: D/SettingsProvider(61): cache for settings table 'system' rows=50; fullycached=true
05-21 01:08:47.912: I/SystemServer(61): Alarm Manager
05-21 01:08:47.922: I/SystemServer(61): Init Watchdog
05-21 01:08:47.922: I/SystemServer(61): Window Manager
05-21 01:08:47.942: I/InputManager(61): Initializing input manager
05-21 01:08:47.972: I/InputManager(61): Starting input manager
05-21 01:08:47.982: I/SystemServer(61): Registering null Bluetooth Service (emulator)
05-21 01:08:47.982: E/System(61): Failure starting core service
05-21 01:08:47.982: E/System(61): java.lang.SecurityException
05-21 01:08:47.982: E/System(61): 	at android.os.BinderProxy.transact(Native Method)
05-21 01:08:47.982: E/System(61): 	at android.os.ServiceManagerProxy.addService(ServiceManagerNative.java:146)
05-21 01:08:47.982: E/System(61): 	at android.os.ServiceManager.addService(ServiceManager.java:72)
05-21 01:08:47.982: E/System(61): 	at com.android.server.ServerThread.run(SystemServer.java:206)
05-21 01:08:47.982: I/SystemServer(61): Device Policy
05-21 01:08:47.982: I/SystemServer(61): Status Bar
05-21 01:08:47.992: I/SystemServer(61): Clipboard Service
05-21 01:08:47.992: I/SystemServer(61): Input Method Service
05-21 01:08:48.002: I/EventHub(61): New keyboard: device->id=0x10000 devname='qwerty2' propName='hw.keyboards.65536.devname' keylayout='/system/usr/keylayout/qwerty.kl'
05-21 01:08:48.002: I/EventHub(61): New device: path=/dev/input/event0 name=qwerty2 id=0x10000 (of 0x1) index=1 fd=84 classes=0x87
05-21 01:08:48.002: E/EventHub(61): could not get driver version for /dev/input/mouse0, Not a typewriter
05-21 01:08:48.002: E/EventHub(61): could not get driver version for /dev/input/mice, Not a typewriter
05-21 01:08:48.002: I/InputManager-Callbacks(61): No input device calibration properties found for device qwerty2.
05-21 01:08:48.002: I/InputReader(61): Device added: id=0x0, name=qwerty2, sources=00001103
05-21 01:08:48.022: I/InputManagerService(61): Enabled input methods: jp.co.omronsoft.openwnn/.OpenWnnJAJP:com.android.inputmethod.latin/.LatinIME:com.android.inputmethod.pinyin/.PinyinIME:com.example.android.softkeyboard/.SoftKeyboard
05-21 01:08:48.022: I/SystemServer(61): NetStat Service
05-21 01:08:48.022: I/SystemServer(61): NetworkManagement Service
05-21 01:08:48.032: I/SystemServer(61): Connectivity Service
05-21 01:08:48.052: I/WifiService(61): WifiService starting up with Wi-Fi disabled
05-21 01:08:48.062: D/NetworkManagmentService(61): Registering observer
05-21 01:08:48.062: I/SystemServer(61): Throttle Service
05-21 01:08:48.072: I/SystemServer(61): Accessibility Manager
05-21 01:08:48.072: I/SystemServer(61): Mount Service
05-21 01:08:48.082: I/SystemServer(61): Notification Manager
05-21 01:08:48.082: I/SystemServer(61): Device Storage Monitor
05-21 01:08:48.082: I/SystemServer(61): Location Manager
05-21 01:08:48.092: I/SystemServer(61): Search Service
05-21 01:08:48.092: I/SystemServer(61): DropBox Service
05-21 01:08:48.092: I/SystemServer(61): Wallpaper Service
05-21 01:08:48.102: D/VoldCmdListener(29): volume list
05-21 01:08:48.102: I/PackageManager(61): Updating external media status from unmounted to unmounted
05-21 01:08:48.102: D/VoldCmdListener(29): share status ums
05-21 01:08:48.112: I/SystemServer(61): Audio Service
05-21 01:08:48.171: D/AudioHardwareInterface(34): setMode(NORMAL)
05-21 01:08:48.171: W/AudioPolicyManagerBase(34): setPhoneState() setting same state 0
05-21 01:08:48.182: E/SoundPool(61): error loading /system/media/audio/ui/Effect_Tick.ogg
05-21 01:08:48.182: W/AudioService(61): Soundpool could not load file: /system/media/audio/ui/Effect_Tick.ogg
05-21 01:08:48.182: E/SoundPool(61): error loading /system/media/audio/ui/KeypressStandard.ogg
05-21 01:08:48.182: W/AudioService(61): Soundpool could not load file: /system/media/audio/ui/KeypressStandard.ogg
05-21 01:08:48.191: E/SoundPool(61): error loading /system/media/audio/ui/KeypressSpacebar.ogg
05-21 01:08:48.191: W/AudioService(61): Soundpool could not load file: /system/media/audio/ui/KeypressSpacebar.ogg
05-21 01:08:48.191: E/SoundPool(61): error loading /system/media/audio/ui/KeypressDelete.ogg
05-21 01:08:48.191: W/AudioService(61): Soundpool could not load file: /system/media/audio/ui/KeypressDelete.ogg
05-21 01:08:48.191: E/SoundPool(61): error loading /system/media/audio/ui/KeypressReturn.ogg
05-21 01:08:48.191: W/AudioService(61): Soundpool could not load file: /system/media/audio/ui/KeypressReturn.ogg
05-21 01:08:48.191: I/SystemServer(61): Headset Observer
05-21 01:08:48.201: W/HeadsetObserver(61): This kernel does not have wired headset support
05-21 01:08:48.201: I/SystemServer(61): Dock Observer
05-21 01:08:48.201: W/DockObserver(61): This kernel does not have dock station support
05-21 01:08:48.201: I/SystemServer(61): USB Observer
05-21 01:08:48.201: W/UsbObserver(61): This kernel does not have USB configuration switch support
05-21 01:08:48.201: E/UsbObserver(61): java.lang.NullPointerException
05-21 01:08:48.201: E/UsbObserver(61): 	at com.android.server.UsbObserver.init(UsbObserver.java:131)
05-21 01:08:48.201: E/UsbObserver(61): 	at com.android.server.UsbObserver.<init>(UsbObserver.java:65)
05-21 01:08:48.201: E/UsbObserver(61): 	at com.android.server.ServerThread.run(SystemServer.java:402)
05-21 01:08:48.201: I/SystemServer(61): UI Mode Manager Service
05-21 01:08:48.211: I/SystemServer(61): Backup Service
05-21 01:08:48.231: I/BackupManagerService(61): Found stale backup journal, scheduling
05-21 01:08:48.231: I/BackupManagerService(61):   com.android.providers.settings
05-21 01:08:48.231: I/BackupManagerService(61): Backup enabled => true
05-21 01:08:48.241: I/SystemServer(61): AppWidget Service
05-21 01:08:48.241: I/SystemServer(61): Recognition Service
05-21 01:08:48.241: I/SystemServer(61): DiskStats Service
05-21 01:08:48.251: I/WindowManager(61): SAFE MODE not enabled
05-21 01:08:48.251: D/dalvikvm(61): JIT started for system_server
05-21 01:08:48.262: D/PowerManagerService(61): system ready!
05-21 01:08:48.272: I/ActivityManager(61): System now ready
05-21 01:08:48.272: I/SystemServer(61): Making services ready
05-21 01:08:48.272: I/StatusBarManagerService(61): Starting service: ComponentInfo{com.android.systemui/com.android.systemui.statusbar.StatusBarService}
05-21 01:08:48.312: I/Zygote(61): Process: zygote socket opened
05-21 01:08:48.322: I/ActivityManager(61): Start proc com.android.systemui for service com.android.systemui/.statusbar.StatusBarService: pid=107 uid=1000 gids={3002, 3001, 3003}
05-21 01:08:48.322: I/ActivityManager(61): Config changed: { scale=1.0 imsi=0/0 loc=en_US touch=0 keys=0/0/0 nav=0/0 orien=0 layout=0 uiMode=17 seq=2}
05-21 01:08:48.342: I/ActivityManager(61): Config changed: { scale=1.0 imsi=0/0 loc=en_US touch=3 keys=2/1/2 nav=1/1 orien=1 layout=34 uiMode=17 seq=3}
05-21 01:08:48.352: W/RecognitionManagerService(61): no available voice recognition services found
05-21 01:08:48.472: D/dalvikvm(61): GREF has increased to 201
05-21 01:08:48.542: I/ActivityManager(61): Start proc jp.co.omronsoft.openwnn for service jp.co.omronsoft.openwnn/.OpenWnnJAJP: pid=115 uid=10004 gids={}
05-21 01:08:48.552: D/dalvikvm(61): GC_CONCURRENT freed 344K, 43% free 3996K/6983K, external 1891K/2137K, paused 4ms+6ms
05-21 01:08:48.581: W/GpsLocationProvider(61): Could not open GPS configuration file /etc/gps.conf
05-21 01:08:48.611: D/NetworkManagmentService(61): Registering observer
05-21 01:08:48.611: E/ThrottleService(61): Could not open GPS configuration file /etc/gps.conf
05-21 01:08:48.621: I/ActivityManager(61): Start proc com.android.phone for added application com.android.phone: pid=121 uid=1001 gids={3002, 3001, 3003, 1015}
05-21 01:08:48.631: I/ActivityManager(61): Start proc com.android.systemui for added application com.android.systemui: pid=122 uid=1000 gids={3002, 3001, 3003}
05-21 01:08:48.711: I/ActivityManager(61): Starting: Intent { act=android.intent.action.MAIN cat=[android.intent.category.HOME] flg=0x10000000 cmp=com.android.launcher/com.android.launcher2.Launcher } from pid 0
05-21 01:08:48.742: I/ActivityManager(61): Start proc com.android.launcher for activity com.android.launcher/com.android.launcher2.Launcher: pid=136 uid=10013 gids={}
05-21 01:08:48.752: W/ActivityManager(61): No pending application record for pid 107 (IApplicationThread android.app.ApplicationThreadProxy@406a2f38); dropping process
05-21 01:08:48.752: I/Process(61): Sending signal. PID: 107 SIG: 9
05-21 01:08:48.782: I/SystemServer(61): Enabled StrictMode for system server main thread.
05-21 01:08:49.012: D/dalvikvm(61): GC_EXTERNAL_ALLOC freed 108K, 44% free 3961K/6983K, external 2130K/2137K, paused 145ms
05-21 01:08:49.012: W/ActivityManager(61): Unable to start service Intent { act=@0 }: not found
05-21 01:08:49.012: W/ActivityManager(61): Unable to start service Intent { act=@0 }: not found
05-21 01:08:49.532: D/qemud(38): fdhandler_accept_event: accepting on fd 9
05-21 01:08:49.532: D/qemud(38): created client 0x13f38 listening on fd 12
05-21 01:08:49.692: D/qemud(38): client_fd_receive: attempting registration for service 'gps'
05-21 01:08:49.692: D/qemud(38): client_fd_receive:    -> received channel id 4
05-21 01:08:49.702: D/qemud(38): client_registration: registration succeeded for client 4
05-21 01:08:49.712: D/dalvikvm(121): GC_CONCURRENT freed 404K, 54% free 2640K/5639K, external 1625K/2137K, paused 3ms+72ms
05-21 01:08:49.811: E/logwrapper(154): executing /system/bin/tc failed: No such file or directory
05-21 01:08:49.811: D/dalvikvm(115): GC_CONCURRENT freed 396K, 54% free 2649K/5639K, external 1625K/2137K, paused 3ms+58ms
05-21 01:08:49.831: D/dalvikvm(122): GC_CONCURRENT freed 409K, 54% free 2636K/5639K, external 1625K/2137K, paused 3ms+3ms
05-21 01:08:49.861: I/logwrapper(30): /system/bin/tc terminated by exit(1)
05-21 01:08:49.901: E/logwrapper(155): executing /system/bin/tc failed: No such file or directory
05-21 01:08:49.901: I/logwrapper(30): /system/bin/tc terminated by exit(1)
05-21 01:08:49.951: E/logwrapper(156): executing /system/bin/tc failed: No such file or directory
05-21 01:08:49.951: I/logwrapper(30): /system/bin/tc terminated by exit(1)
05-21 01:08:49.951: D/dalvikvm(136): GC_CONCURRENT freed 406K, 54% free 2639K/5639K, external 1625K/2137K, paused 4ms+55ms
05-21 01:08:50.021: I/ActivityThread(121): Pub mms: com.android.providers.telephony.MmsProvider
05-21 01:08:50.101: D/dalvikvm(115): No JNI_OnLoad found in /system/lib/libwnndict.so 0x40512cf0, skipping init
05-21 01:08:50.121: D/dalvikvm(61): GC_EXTERNAL_ALLOC freed 59K, 43% free 4000K/6983K, external 2743K/2770K, paused 207ms
05-21 01:08:50.161: I/ActivityThread(136): Pub com.android.launcher2.settings: com.android.launcher2.LauncherProvider
05-21 01:08:50.202: I/ActivityThread(121): Pub sms: com.android.providers.telephony.SmsProvider
05-21 01:08:50.222: I/ActivityManager(61): Start proc com.android.settings for broadcast com.android.settings/.widget.SettingsAppWidgetProvider: pid=157 uid=1000 gids={3002, 3001, 3003}
05-21 01:08:50.282: I/ActivityThread(121): Pub telephony: com.android.providers.telephony.TelephonyProvider
05-21 01:08:50.282: I/ActivityThread(121): Pub icc: com.android.phone.IccProvider
05-21 01:08:50.382: I/ActivityThread(121): Pub mms-sms: com.android.providers.telephony.MmsSmsProvider
05-21 01:08:50.581: D/dalvikvm(115): GC_CONCURRENT freed 301K, 51% free 2900K/5831K, external 1625K/2137K, paused 3ms+3ms
05-21 01:08:51.092: D/dalvikvm(61): GC_EXTERNAL_ALLOC freed 158K, 42% free 4059K/6983K, external 3304K/3338K, paused 155ms
05-21 01:08:51.102: I/StatusBarManagerService(61): registerStatusBar bar=com.android.internal.statusbar.IStatusBar$Stub$Proxy@405c6680
05-21 01:08:51.321: D/VoldCmdListener(29): share status ums
05-21 01:08:51.321: D/StorageNotification(122): Startup with UMS connection false (media state unmounted)
05-21 01:08:51.381: I/StorageNotification(122): UMS connection changed to false (media state unmounted)
05-21 01:08:51.461: D/dalvikvm(115): GC_CONCURRENT freed 400K, 49% free 3178K/6215K, external 1625K/2137K, paused 3ms+3ms
05-21 01:08:51.511: D/CallManager(121): registerPhone(GSM Handler{4055e708})
05-21 01:08:51.572: D/dalvikvm(157): GC_CONCURRENT freed 407K, 54% free 2638K/5639K, external 1625K/2137K, paused 3ms+25ms
05-21 01:08:51.612: I/ActivityManager(61): Start proc android.process.acore for content provider com.android.providers.contacts/.CallLogProvider: pid=177 uid=10006 gids={3003, 1015}
05-21 01:08:51.782: W/ActivityManager(61): Unable to start service Intent { act=com.android.ussd.IExtendedNetworkService }: not found
05-21 01:08:52.051: I/TelephonyRegistry(61): notifyDataConnection: state=0 isDataConnectivityPossible=false reason=radioTurnedOff interfaceName=null networkType=0
05-21 01:08:52.071: I/TelephonyRegistry(61): notifyDataConnection: state=0 isDataConnectivityPossible=false reason=gprsDetached interfaceName=null networkType=0
05-21 01:08:52.272: D/dalvikvm(136): GC_EXTERNAL_ALLOC freed 49K, 53% free 2697K/5639K, external 2128K/2137K, paused 258ms
05-21 01:08:52.302: D/dalvikvm(61): GC_EXTERNAL_ALLOC freed 149K, 42% free 4150K/7047K, external 4183K/4237K, paused 131ms
05-21 01:08:52.771: I/TelephonyRegistry(61): notifyServiceState: 0 home Android Android 310260  UMTS CSS not supported 0 0RoamInd: 0DefRoamInd: 0EmergOnly: false
05-21 01:08:52.801: I/TelephonyRegistry(61): notifyDataConnection: state=0 isDataConnectivityPossible=false reason=null interfaceName=null networkType=3
05-21 01:08:53.002: I/ActivityThread(177): Pub com.android.social: com.android.providers.contacts.SocialProvider
05-21 01:08:53.202: I/ActivityThread(177): Pub applications: com.android.providers.applications.ApplicationsProvider
05-21 01:08:53.443: D/dalvikvm(61): GC_EXTERNAL_ALLOC freed 132K, 42% free 4146K/7047K, external 4120K/5135K, paused 272ms
05-21 01:08:53.671: D/MccTable(121): updateMccMncConfiguration: mcc=310, mnc=260
05-21 01:08:53.671: D/MccTable(121): locale set to en_us
05-21 01:08:53.671: D/MccTable(121): WIFI_NUM_ALLOWED_CHANNELS set to 11
05-21 01:08:53.762: D/dalvikvm(121): GC_CONCURRENT freed 215K, 50% free 2922K/5767K, external 1625K/2137K, paused 5ms+51ms
05-21 01:08:53.772: I/WifiService(61): WifiService trying to setNumAllowed to 11 with persist set to true
05-21 01:08:53.792: I/ActivityManager(61): Config changed: { scale=1.0 imsi=310/260 loc=en_US touch=3 keys=2/1/2 nav=1/1 orien=1 layout=34 uiMode=17 seq=4}
05-21 01:08:53.842: I/TelephonyRegistry(61): notifyMessageWaitingChanged: false
05-21 01:08:54.011: I/TelephonyRegistry(61): notifyCallForwardingChanged: false
05-21 01:08:54.071: D/dalvikvm(177): GC_CONCURRENT freed 408K, 54% free 2613K/5639K, external 1625K/2137K, paused 3ms+83ms
05-21 01:08:54.121: I/ActivityManager(61): Start proc com.android.music for broadcast com.android.music/.MediaAppWidgetProvider: pid=206 uid=10005 gids={3003, 1015}
05-21 01:08:54.371: D/dalvikvm(136): GC_EXTERNAL_ALLOC freed 27K, 52% free 2720K/5639K, external 2668K/2681K, paused 608ms
05-21 01:08:54.991: D/dalvikvm(61): GC_EXTERNAL_ALLOC freed 210K, 42% free 4165K/7111K, external 4073K/5086K, paused 396ms
05-21 01:08:55.082: I/ActivityThread(177): Pub contacts;com.android.contacts: com.android.providers.contacts.ContactsProvider2
05-21 01:08:55.182: D/TelephonyProvider(121): Setting numeric '310260' to be the current operator
05-21 01:08:55.291: I/TelephonyRegistry(61): notifyDataConnection: state=1 isDataConnectivityPossible=true reason=simLoaded interfaceName=null networkType=3
05-21 01:08:55.441: I/TelephonyRegistry(61): notifyDataConnection: state=2 isDataConnectivityPossible=true reason=simLoaded interfaceName=/dev/omap_csmi_tty1 networkType=3
05-21 01:08:55.531: D/Tethering(61): MasterInitialState.processMessage what=3
05-21 01:08:55.751: D/dalvikvm(136): GC_EXTERNAL_ALLOC freed 7K, 52% free 2734K/5639K, external 3368K/3387K, paused 517ms
05-21 01:08:56.012: D/SntpClient(61): request time failed: java.net.SocketException: Address family not supported by protocol
05-21 01:08:56.062: D/dalvikvm(206): GC_CONCURRENT freed 408K, 54% free 2637K/5639K, external 1625K/2137K, paused 5ms+7ms
05-21 01:08:56.251: I/ActivityManager(61): Start proc com.android.quicksearchbox for broadcast com.android.quicksearchbox/.SearchWidgetProvider: pid=227 uid=10002 gids={3003}
05-21 01:08:56.441: D/dalvikvm(33): GC_EXPLICIT freed 10K, 53% free 2538K/5379K, external 1625K/2137K, paused 196ms
05-21 01:08:56.681: D/dalvikvm(33): GC_EXPLICIT freed <1K, 53% free 2538K/5379K, external 1625K/2137K, paused 242ms
05-21 01:08:56.831: D/dalvikvm(33): GC_EXPLICIT freed <1K, 53% free 2538K/5379K, external 1625K/2137K, paused 132ms
05-21 01:08:56.971: I/ActivityThread(177): Pub call_log: com.android.providers.contacts.CallLogProvider
05-21 01:08:56.971: I/ActivityThread(177): Pub user_dictionary: com.android.providers.userdictionary.UserDictionaryProvider
05-21 01:08:57.212: D/dalvikvm(136): GC_EXTERNAL_ALLOC freed 54K, 51% free 2780K/5639K, external 4217K/4261K, paused 70ms
05-21 01:08:57.232: I/ActivityThread(227): Pub com.android.quicksearchbox.google: com.android.quicksearchbox.google.GoogleSuggestionProvider
05-21 01:08:57.242: D/dalvikvm(227): GC_CONCURRENT freed 408K, 54% free 2624K/5639K, external 1625K/2137K, paused 3ms+5ms
05-21 01:08:57.273: I/ActivityThread(227): Pub com.android.quicksearchbox.shortcuts: com.android.quicksearchbox.ShortcutsProvider
05-21 01:08:57.382: I/ActivityManager(61): Start proc android.process.media for broadcast com.android.providers.downloads/.DownloadReceiver: pid=239 uid=10000 gids={1015, 1006, 2001, 3003}
05-21 01:08:57.651: I/ActivityThread(239): Pub media: com.android.providers.media.MediaProvider
05-21 01:08:57.651: D/dalvikvm(136): GC_EXTERNAL_ALLOC freed 28K, 51% free 2800K/5639K, external 5345K/5346K, paused 77ms
05-21 01:08:57.851: D/dalvikvm(136): GC_EXPLICIT freed 20K, 51% free 2805K/5639K, external 5417K/6692K, paused 39ms
05-21 01:08:57.912: V/MediaProvider(239): Attached volume: internal
05-21 01:08:57.912: D/dalvikvm(61): GREF has increased to 301
05-21 01:08:57.932: I/ActivityThread(239): Pub downloads: com.android.providers.downloads.DownloadProvider
05-21 01:08:57.952: I/ActivityThread(239): Pub drm: com.android.providers.drm.DrmProvider
05-21 01:08:58.472: I/SurfaceFlinger(61): Boot is finished (13395 ms)
05-21 01:08:58.481: D/OtaStartupReceiver(121): Not a CDMA phone, no need to process OTA
05-21 01:08:58.491: D/PowerManagerService(61): bootCompleted
05-21 01:08:58.541: I/ARMAssembler(61): generated scanline__00000177:03010104_00000002_00000000 [ 44 ipp] (66 ins) at [0x44614290:0x44614398] in 753987 ns
05-21 01:08:58.541: I/ARMAssembler(61): generated scanline__00000177:03515104_00000001_00000000 [ 73 ipp] (95 ins) at [0x446143a0:0x4461451c] in 692010 ns
05-21 01:08:58.552: D/VoldCmdListener(29): volume mount /mnt/sdcard
05-21 01:08:58.552: I/Vold(29): /dev/block/vold/179:0 being considered for volume sdcard
05-21 01:08:58.552: D/Vold(29): Volume sdcard state changing 1 (Idle-Unmounted) -> 3 (Checking)
05-21 01:08:58.561: I/StorageNotification(122): Media {/mnt/sdcard} state changed from {unmounted} -> {checking}
05-21 01:08:58.622: I//system/bin/fsck_msdos(29): ** /dev/block/vold/179:0
05-21 01:08:58.672: I/RecoverySystem(61): No recovery log file
05-21 01:08:58.742: I/ActivityManager(61): Start proc com.android.mms for broadcast com.android.mms/.transaction.MmsSystemEventReceiver: pid=255 uid=10015 gids={3003, 1015}
05-21 01:08:58.872: D/dalvikvm(122): GC_EXTERNAL_ALLOC freed 138K, 52% free 2721K/5639K, external 2129K/2137K, paused 264ms
05-21 01:08:58.971: D/dalvikvm(61): GC_CONCURRENT freed 611K, 44% free 4235K/7495K, external 4474K/5674K, paused 5ms+35ms
05-21 01:08:59.271: I/ActivityThread(255): Pub com.android.mms.SuggestionsProvider: com.android.mms.SuggestionsProvider
05-21 01:08:59.711: I/ActivityManager(61): Start proc com.android.deskclock for broadcast com.android.deskclock/.AlarmInitReceiver: pid=272 uid=10019 gids={}
05-21 01:08:59.962: I/ActivityThread(272): Pub com.android.deskclock: com.android.deskclock.AlarmProvider
05-21 01:09:00.142: D/dalvikvm(61): GC_EXPLICIT freed 83K, 44% free 4221K/7495K, external 4474K/5674K, paused 56ms
05-21 01:09:00.192: I/ActivityManager(61): Start proc com.android.email for broadcast com.android.email/.service.EmailBroadcastReceiver: pid=286 uid=10028 gids={3003, 1015}
05-21 01:09:00.262: I/SearchManagerService(61): Building list of searchable activities
05-21 01:09:00.421: I/ActivityThread(286): Pub com.android.email.provider: com.android.email.provider.EmailProvider
05-21 01:09:00.441: I/ActivityThread(286): Pub com.android.email.attachmentprovider: com.android.email.provider.AttachmentProvider
05-21 01:09:00.441: I/ActivityThread(286): Pub com.android.exchange.provider: com.android.exchange.provider.ExchangeProvider
05-21 01:09:00.481: I//system/bin/fsck_msdos(29): ** Phase 1 - Read and Compare FATs
05-21 01:09:00.481: I//system/bin/fsck_msdos(29): Attempting to allocate 1587 KB for FAT
05-21 01:09:00.542: I/ActivityManager(61): Start proc lab.chabingba.telerikacademyschedule for broadcast lab.chabingba.telerikacademyschedule/.Notifications.AlarmReceiver: pid=297 uid=10034 gids={1015}
05-21 01:09:00.571: D/EAS SyncManager(286): !!! EAS SyncManager, onCreate
05-21 01:09:00.792: I/RECEIVER(297): RECEIVED
05-21 01:09:00.812: E/READ(297): /mnt/sdcard/TelerikScheduleAPP/output.txt (Permission denied)
05-21 01:09:00.822: E/READ(297): /mnt/sdcard/TelerikScheduleAPP/OldEvents.txt (Permission denied)
05-21 01:09:00.822: I/ALARM(297): AlarmForPendingIntentStarted
05-21 01:09:00.992: W/ActivityManager(61): finishReceiver called but no pending broadcasts
05-21 01:09:01.101: D/Eas Debug(286): Logging: 
05-21 01:09:01.141: D/EAS SyncManager(286): !!! EAS SyncManager, onDestroy
05-21 01:09:01.211: D/MediaScannerService(239): start scanning volume internal
05-21 01:09:01.331: D/Email(286): BOOT_COMPLETED
05-21 01:09:01.382: D/EAS SyncManager(286): !!! EAS SyncManager, onCreate
05-21 01:09:01.391: D/EAS SyncManager(286): !!! EAS SyncManager, onStartCommand
05-21 01:09:01.421: D/EAS SyncManager(286): !!! EAS SyncManager, stopping self
05-21 01:09:01.442: D/EAS SyncManager(286): !!! EAS SyncManager, onDestroy
05-21 01:09:01.602: I//system/bin/fsck_msdos(29): Attempting to allocate 1587 KB for FAT
05-21 01:09:02.001: D/dalvikvm(121): GREF has increased to 201
05-21 01:09:02.021: I//system/bin/fsck_msdos(29): ** Phase 2 - Check Cluster Chains
05-21 01:09:02.091: I//system/bin/fsck_msdos(29): ** Phase 3 - Checking Directories
05-21 01:09:02.101: I//system/bin/fsck_msdos(29): ** Phase 4 - Checking for Lost Files
05-21 01:09:02.111: I//system/bin/fsck_msdos(29): Next free cluster in FSInfo block (1447) not free
05-21 01:09:02.111: I//system/bin/fsck_msdos(29): FIXED
05-21 01:09:02.111: I//system/bin/fsck_msdos(29): 10 files, 201604 free (403208 clusters)
05-21 01:09:02.131: I/Vold(29): Filesystem check completed OK
05-21 01:09:02.142: I/Vold(29): Device /dev/block/vold/179:0, target /mnt/sdcard mounted @ /mnt/secure/staging
05-21 01:09:02.152: D/Vold(29): Volume sdcard state changing 3 (Checking) -> 4 (Mounted)
05-21 01:09:02.192: I/PackageManager(61): Updating external media status from unmounted to mounted
05-21 01:09:02.232: I/StorageNotification(122): Media {/mnt/sdcard} state changed from {checking} -> {mounted}
05-21 01:09:02.292: D/VoldCmdListener(29): asec list
05-21 01:09:02.302: I/PackageManager(61): No secure containers on sdcard
05-21 01:09:02.362: W/PackageManager(61): Unknown permission com.google.android.googleapps.permission.GOOGLE_AUTH.mail in package com.android.contacts
05-21 01:09:02.432: W/PackageManager(61): Unknown permission android.permission.ADD_SYSTEM_SERVICE in package com.android.phone
05-21 01:09:02.432: W/PackageManager(61): Unknown permission android.permission.READ_EXTERNAL_STORAGE in package lab.chabingba.telerikacademyschedule
05-21 01:09:02.491: W/PackageManager(61): Unknown permission com.android.alarm.permissions.SET_ALARM in package lab.chabingba.telerikacademyschedule
05-21 01:09:02.491: W/PackageManager(61): Not granting permission android.permission.SEND_DOWNLOAD_COMPLETED_INTENTS to package com.android.browser (protectionLevel=2 flags=0x9be45)
05-21 01:09:02.581: W/PackageManager(61): Unknown permission com.google.android.gm.permission.WRITE_GMAIL in package com.android.settings
05-21 01:09:02.581: W/PackageManager(61): Unknown permission com.google.android.gm.permission.READ_GMAIL in package com.android.settings
05-21 01:09:02.581: W/PackageManager(61): Unknown permission com.google.android.googleapps.permission.GOOGLE_AUTH in package com.android.settings
05-21 01:09:02.621: W/PackageManager(61): Unknown permission com.google.android.googleapps.permission.GOOGLE_AUTH in package com.android.providers.contacts
05-21 01:09:02.681: W/PackageManager(61): Unknown permission com.google.android.googleapps.permission.GOOGLE_AUTH.cp in package com.android.providers.contacts
05-21 01:09:02.701: W/PackageManager(61): Unknown permission com.google.android.googleapps.permission.ACCESS_GOOGLE_PASSWORD in package com.android.development
05-21 01:09:02.721: W/PackageManager(61): Unknown permission com.google.android.googleapps.permission.GOOGLE_AUTH in package com.android.development
